--- PASS: TestGoalWithExpect (1412.29s)
    --- PASS: TestGoalWithExpect/basicExpectTest.exp (0.05s)
    --- PASS: TestGoalWithExpect/corsTest.exp (10.75s)
    --- PASS: TestGoalWithExpect/goalClerkGroupTest.exp (11.14s)
    --- PASS: TestGoalWithExpect/listExpiredParticipationKeyTest.exp (73.87s)
    --- PASS: TestGoalWithExpect/testInfraTest.exp (2.15s)
    --- PASS: TestGoalWithExpect/doubleSpendingTest.exp (48.80s)
    --- PASS: TestGoalWithExpect/goalNodeStatusTest.exp (21.91s)
    --- PASS: TestGoalWithExpect/goalNodeSystemdTest.exp (0.09s)
    --- PASS: TestGoalWithExpect/goalAssetTest.exp (19.00s)
    --- PASS: TestGoalWithExpect/goalFormattingTest.exp (0.51s)
    --- PASS: TestGoalWithExpect/goalNodeConnectionTest.exp (9.62s)
    --- PASS: TestGoalWithExpect/statefulTealCreateAppTest.exp (179.12s)
    --- PASS: TestGoalWithExpect/goalNodeTest.exp (14.21s)
    --- PASS: TestGoalWithExpect/reportTest.exp (10.75s)
    --- PASS: TestGoalWithExpect/statefulTealAppInfoTest.exp (20.44s)
    --- PASS: TestGoalWithExpect/goalDryrunRestTest.exp (16.22s)
    --- PASS: TestGoalWithExpect/goalTxValidityTest.exp (11.10s)
    --- PASS: TestGoalWithExpect/limitOrderTest.exp (87.35s)
    --- PASS: TestGoalWithExpect/basicGoalTest.exp (30.76s)
    --- PASS: TestGoalWithExpect/catchpointCatchupTest.exp (88.84s)
    --- PASS: TestGoalWithExpect/createWalletTest.exp (87.54s)
    --- PASS: TestGoalWithExpect/goalAccountInfoTest.exp (91.66s)
    --- PASS: TestGoalWithExpect/goalAppAccountAddressTest.exp (74.24s)
    --- PASS: TestGoalWithExpect/pingpongTest.exp (356.50s)
    --- PASS: TestGoalWithExpect/tealConsensusTest.exp (11.29s)
    --- PASS: TestGoalWithExpect/goalAccountTest.exp (23.35s)
    --- PASS: TestGoalWithExpect/statefulTealAppReadTest.exp (34.37s)
    --- PASS: TestGoalWithExpect/tealAndStatefulTealTest.exp (52.53s)
    --- PASS: TestGoalWithExpect/goalCmdFlagsTest.exp (0.38s)
    --- PASS: TestGoalWithExpect/ledgerTest.exp (10.54s)
    --- PASS: TestGoalWithExpect/multisigCreationDeletionTest.exp (13.22s)
ok  	github.com/algorand/go-algorand/test/e2e-go/cli/goal/expect	1412.538s
